// Vitest Snapshot v1, https://vitest.dev/guide/snapshot.html

exports[`BUIModal > should render with title and children components 1`] = `
<div
  aria-labelledby="headlessui-dialog-title-:r2:"
  aria-modal="true"
  class="relative z-10"
  data-headlessui-state="open"
  data-testid="test-modal"
  id="headlessui-dialog-:r0:"
  role="dialog"
>
  <div
    class="fixed inset-0 bg-black bg-opacity-25 ease-out duration-300 opacity-0"
  />
  <div
    class="fixed inset-0 overflow-y-auto"
  >
    <div
      class="flex min-h-full items-center justify-center p-4 text-center"
    >
      <div
        class="w-full max-w-md transform overflow-hidden rounded-2xl backdrop-blur-xl bg-slate-50 bg-opacity-60 p-6 text-left align-middle shadow-xl transition-all md:text-lg sm:text-md ease-out duration-300 opacity-0 scale-95"
        data-headlessui-state="open"
        id="headlessui-dialog-panel-:r1:"
      >
        <h3
          class="text-center text-2xl font-medium leading-6 mb-4"
          data-headlessui-state="open"
          id="headlessui-dialog-title-:r2:"
        >
          Modal title
        </h3>
        <div>
          modal content
        </div>
        <button>
          Close Modal
        </button>
      </div>
    </div>
  </div>
</div>
`;
